[usetola.com/index.html]
[usetola.com/_next/static/media/0654da54f4652c48-s.p.woff2]
[usetola.com/_next/static/media/1cf2d568bfb0d377-s.p.woff2]
[usetola.com/_next/static/media/97b7d9f6df27f456-s.p.woff2]
[usetola.com/_next/static/media/f9847d94df2afb5c-s.p.woff2]
[usetola.com/images/customers/homecourt.svg]
[usetola.com/images/customers/bimbamboo.svg]
[usetola.com/images/customers/sunnie_logo.webp]
[usetola.com/images/customers/provencfo.svg]
[usetola.com/images/brands/stripe.png]
[usetola.com/images/brands/cashapp.png]
[usetola.com/images/brands/robinhood.png]
[usetola.com/images/brands/checkout.png]
[usetola.com/images/brands/paypal.png]
[usetola.com/images/brands/klarna.png]
[usetola.com/_next/static/css/f15e48a8e3e53e49.css]
[usetola.com/_next/static/chunks/webpack-5f963b68637f2863.js]
[usetola.com/_next/static/chunks/fd9d1056-e9e4715875385bd6.js]
[usetola.com/_next/static/chunks/7023-5ea675ef79604c0d.js]
[usetola.com/_next/static/chunks/main-app-33f6b09c3d9a1b9b.js]
[usetola.com/_next/static/chunks/b536a0f1-c938ddd70433cf72.js]
[usetola.com/_next/static/chunks/a3cd4a83-db090b9e27aabc9b.js]
[usetola.com/_next/static/chunks/5476-6e9bc50ad4752af1.js]
[usetola.com/_next/static/chunks/231-2b5dba86f103a54f.js]
[usetola.com/_next/static/chunks/5795-41e385dc559087ac.js]
[usetola.com/_next/static/chunks/9396-fa3f434b182a7467.js]
[usetola.com/_next/static/chunks/6648-9f4febcb51d8ba07.js]
[usetola.com/_next/static/chunks/8807-7a5d14aeacfe929c.js]
[usetola.com/_next/static/chunks/8834-da4f58bfefefea29.js]
[usetola.com/_next/static/chunks/4734-8aca145fa942c89d.js]
[usetola.com/_next/static/chunks/8991-79b515898bd782fd.js]
[usetola.com/_next/static/chunks/4892-e9e421abd8882e44.js]
[usetola.com/_next/static/chunks/app/(main)/page-8814a828063353a6.js]
[usetola.com/_next/static/chunks/9616-defbc81f30edbb18.js]
[usetola.com/_next/static/chunks/6553-122620c8e5d3dfb2.js]
[usetola.com/_next/static/chunks/app/(main)/layout-db0d45d4a4dde373.js]
[usetola.com/scripts/tiktokpixel.js]
[backblue.gif]
[fade.gif]
[index.html]
[usetola.com/_next/static/chunks/polyfills-42372ed130431b0a.js]
[usetola.com/pricing.html]
[usetola.com/videos/hero/main.jpg]
[usetola.com/videos/hero/main.webm]
[usetola.com/videos/hero/main.mp4]
[usetola.com/videos/hero/pay.jpg]
[usetola.com/videos/hero/pay.webm]
[usetola.com/videos/hero/pay.mp4]
[usetola.com/product/accounts-payable.html]
[usetola.com/videos/hero/get-paid.jpg]
[usetola.com/videos/hero/get-paid.webm]
[usetola.com/videos/hero/get-paid.mp4]
[usetola.com/product/accounts-receivable.html]
[usetola.com/videos/hero/pay-later.jpg]
[usetola.com/videos/hero/pay-later.webm]
[usetola.com/videos/hero/pay-later.mp4]
[usetola.com/product/pay-later.html]
[usetola.com/videos/hero/accounting.jpg]
[usetola.com/videos/hero/accounting.webm]
[usetola.com/videos/hero/accounting.mp4]
[usetola.com/product/accounting-integrations.html]
[usetola.com/product/cashflow-insights.html]
[usetola.com/solutions/accountants.html]
[usetola.com/solutions/wholesale.html]
[usetola.com/solutions/e-commerce.html]
[usetola.com/solutions/hospitality.html]
[usetola.com/solutions/services.html]
[usetola.com/solutions/non-profits.html]
[usetola.com/about.html]
[usetola.com/faq.html]
[usetola.com/changelog.html]
[usetola.com/legal/terms-of-service.html]
[usetola.com/index.html]
[usetola.com/images/customers/homecourt.svg]
[usetola.com/images/customers/bimbamboo.svg]
[usetola.com/images/customers/provencfo.svg]
[usetola.com/_next/static/css/f15e48a8e3e53e49.css]
[usetola.com/legal/privacy-policy.html]
[usetola.com/_next/static/chunks/app/(main)/pricing/page-206b81635862512f.js]
[usetola.com/pricing.html]
[usetola.com/_next/static/chunks/8298-d41359facd3d9048.js]
[usetola.com/_next/static/chunks/app/(main)/product/accounts-payable/page-3c024ca012966b60.js]
[usetola.com/images/hero/pay.webp]
[usetola.com/videos/callouts/add-bill.mp4]
[usetola.com/videos/callouts/pay.mp4]
[usetola.com/videos/callouts/batch-payments.mp4]
[usetola.com/product/accounts-payable.html]
[usetola.com/_next/static/chunks/app/(main)/product/accounts-receivable/page-b651b93620982c2a.js]
[usetola.com/videos/callouts/custom-invoices.mp4]
[usetola.com/images/callouts/accounting-sync-ar.webp]
[usetola.com/product/accounts-receivable.html]
[usetola.com/_next/static/chunks/app/(main)/product/pay-later/page-aba3ef714d56829b.js]
[usetola.com/images/hero/pay-later.webp]
[usetola.com/videos/callouts/pay-later.mp4]
[usetola.com/images/callouts/transparent-fees.webp]
[usetola.com/videos/callouts/cashflow-insights.mp4]
[usetola.com/product/pay-later.html]
[usetola.com/images/customers/freelancecfo_logo.webp]
[usetola.com/images/customers/makro_logo.webp]
[usetola.com/_next/static/chunks/app/(main)/product/accounting-integrations/page-ace96703f44414bc.js]
[usetola.com/videos/callouts/bill-overview.mp4]
[usetola.com/images/callouts/accounting-sync.webp]
[usetola.com/images/callouts/approval.webp]
[usetola.com/product/accounting-integrations.html]
[usetola.com/_next/static/chunks/app/(main)/product/cashflow-insights/page-b6c07de07973ee99.js]
[usetola.com/images/hero/cashflow.webp]
[usetola.com/images/callouts/cashflow.webp]
[usetola.com/videos/callouts/cashflow-insights-short.mp4]
[usetola.com/product/cashflow-insights.html]
[usetola.com/_next/static/chunks/app/(main)/solutions/accountants/page-70475cc0b77d5c28.js]
[usetola.com/solutions/accountants.html]
[usetola.com/_next/static/chunks/app/(main)/solutions/wholesale/page-6ae3520e203b9c89.js]
[usetola.com/solutions/wholesale.html]
[usetola.com/_next/static/chunks/app/(main)/solutions/e-commerce/page-85e099e2d2af318f.js]
[usetola.com/solutions/e-commerce.html]
[usetola.com/solutions/hospitality.html]
[usetola.com/_next/static/chunks/app/(main)/solutions/hospitality/page-9e63139f7ebe8cba.js]
[usetola.com/_next/static/chunks/app/(main)/solutions/services/page-f55aae99a0fe4758.js]
[usetola.com/images/hero/services.webp]
[usetola.com/solutions/services.html]
[usetola.com/_next/static/chunks/app/(main)/solutions/non-profits/page-64ba67c4ed40bf8d.js]
[usetola.com/solutions/non-profits.html]
[usetola.com/_next/static/chunks/app/(main)/about/page-e7ef24059d1a973e.js]
[usetola.com/images/about/about-hero.webp]
[usetola.com/about.html]
[usetola.com/_next/static/chunks/app/(main)/faq/page-af1d79ef70adcbcc.js]
[usetola.com/faq.html]
[usetola.com/_next/static/chunks/app/(main)/changelog/page-e3b6e184fad07fc4.js]
[usetola.com/_next/static/chunks/app/(main)/changelog/layout-95037f1b334d2ca8.js]
[usetola.com/changelog/2024-10-29-batch-schedulling.html]
[usetola.com/changelog/2024-10-25-accounting-dashboard.html]
[usetola.com/changelog/2024-10-14-new-tola-design.html]
[usetola.com/changelog/2024-10-11-mark-bills-as-paid.html]
[usetola.com/changelog/2024-09-01-bookkeeper-role.html]
[usetola.com/changelog/2024-08-30-email2pay.html]
[usetola.com/changelog/2024-08-10-role-changes.html]
[usetola.com/changelog/2024-03-20-disconnected-bank-account-payments.html]
[usetola.com/changelog/2024-03-08-bill-and-invoice-duplication.html]
[usetola.com/changelog/2024-03-01-invoice-custom-brand-color.html]
[usetola.com/changelog.html]
[usetola.com/changelog/page/2.html]
[usetola.com/_next/static/chunks/app/(main)/legal/[slug]/page-fbdddd1c0356debb.js]
[usetola.com/legal/terms-of-service.html]
[usetola.com/legal/privacy-policy.html]
[usetola.com/_next/static/chunks/app/(main)/changelog/[slug]/page-01684cb13622ca92.js]
[usetola.com/changelog/2024-10-29-batch-schedulling.html]
[usetola.com/changelog/2024-10-25-accounting-dashboard.html]
[usetola.com/changelog/2024-10-14-new-tola-design.html]
[usetola.com/changelog/2024-10-11-mark-bills-as-paid.html]
[usetola.com/changelog/2024-09-01-bookkeeper-role.html]
[usetola.com/changelog/2024-08-30-email2pay.html]
[usetola.com/changelog/2024-08-10-role-changes.html]
[usetola.com/changelog/2024-03-20-disconnected-bank-account-payments.html]
[usetola.com/changelog/2024-03-08-bill-and-invoice-duplication.html]
[usetola.com/changelog/2024-03-01-invoice-custom-brand-color.html]
[usetola.com/scripts/fbpixel.js]
[usetola.com/_next/static/chunks/app/(main)/changelog/page/[page]/page-0955ad7d4b59922d.js]
[usetola.com/changelog/2024-03-01-micro-deposit-bank-verification.html]
[usetola.com/changelog/2024-02-17-subscription-bill-attachments.html]
[usetola.com/changelog/2023-12-30-quickbooks-live-sync-integration.html]
[usetola.com/images/changelog/2024-01-23-quickbooks-live-sync.webp]
[usetola.com/changelog/2023-12-13-intuitive-bill-payments-calendar.html]
[usetola.com/changelog/2023-12-10-referrals.html]
[usetola.com/changelog/2023-12-05-automated-invoice-reminders.html]
[usetola.com/changelog/2023-12-04-eliminate-duplicates.html]
[usetola.com/changelog/2023-12-01-tiers.html]
[usetola.com/changelog/2023-09-25-saving-payment-details.html]
[usetola.com/changelog/2023-09-23-resolving-payment-issues.html]
[usetola.com/changelog/page/1.html]
[usetola.com/changelog/page/2.html]
[usetola.com/changelog/2024-03-01-micro-deposit-bank-verification.html]
[usetola.com/changelog/2024-02-17-subscription-bill-attachments.html]
[usetola.com/changelog/2023-12-30-quickbooks-live-sync-integration.html]
[usetola.com/changelog/2023-12-13-intuitive-bill-payments-calendar.html]
[usetola.com/changelog/2023-12-10-referrals.html]
[usetola.com/changelog/2023-12-05-automated-invoice-reminders.html]
[usetola.com/changelog/2023-12-04-eliminate-duplicates.html]
[usetola.com/changelog/2023-12-01-tiers.html]
[usetola.com/changelog/2023-09-25-saving-payment-details.html]
[usetola.com/changelog/2023-09-23-resolving-payment-issues.html]
[usetola.com/changelog/page/1.html]
[usetola.com/changelog/page/3.html]
[usetola.com/changelog/2023-09-02-customer-portal.html]
[usetola.com/changelog/2023-06-13-xero-live-sync-integration.html]
[usetola.com/changelog/2023-06-10-email-forwarding-per-business-account.html]
[usetola.com/changelog/2023-06-04-financing-page.html]
[usetola.com/changelog/page/3.html]
[usetola.com/changelog/2023-09-02-customer-portal.html]
[usetola.com/changelog/2023-06-13-xero-live-sync-integration.html]
[usetola.com/changelog/2023-06-10-email-forwarding-per-business-account.html]
[usetola.com/changelog/2023-06-04-financing-page.html]
[usetola.com/changelog/2023-06-01-pay-early.html]
[usetola.com/changelog/2023-06-01-pay-early.html]
